[INFO] Tests run: 1, Failures: 0, Errors: 0, Skipped: 0, Time elapsed: 28.78 s -- in com.project.backend.modules.timeline.RealDatabaseTimelinePlaceTest
